<ESC>[1mfugaro watch<ESC>[0m · aurora · enforce · 2026-10-03
<ESC>[32mlive<ESC>[0m
<ESC>[1mTOTAL  <ESC>[0m<ESC>[1;33m▓▓▓▓▓▓▓▓▓▓▓▓▓░░░<ESC>[0m counted $41.00 of $50.00 (82%) · <ESC>[1;33mburn $0.12/min ⚠ FAST<ESC>[0m · spent $40.00 + $3.…
       4 runs · 0.8 run-hours
<ESC>[2m  RUN      TITLE      STAGE     R   AGE     SPENT           FLAGS                         <ESC>[0m<ESC>[2m VERIFY  …<ESC>[0m
<ESC>[1m▸ <ESC>[0m<ESC>[1macme/app                <ESC>[0m <ESC>[32m▓▓▓▓▓▓▓▓▓▓▓▓░░░░<ESC>[0m $30.00 of $40.00 (75%) · <ESC>[1;33mburn $0.09/min ⚠ FAST<ESC>[0m · spent …
  r-aaaa11 <ESC>[1mFix the f… <ESC>[0mcoding    r2  12m03s  $1.25           <ESC>[1;33mSILENT                        <ESC>[0m unit    …
  r-bbbb22 <ESC>[1mAdd pagin… <ESC>[0mreview    r1  12m03s  $1.25 NOTIONAL  <ESC>[1;33m⚠ near deadline               <ESC>[0m unit    …
  acme/lib                 <ESC>[1;31m▓▓▓▓▓▓▓▓▓▓▓▓▓▓▓▓<ESC>[0m $11.00 of $10.00 (110%) · burn … · spent $11.00
<ESC>[1;7;31m  ⚠ KILLED by dimi@x.io at 2026-10-03 11:55Z "runaway loop"<ESC>[0m
  r-cccc33 <ESC>[1mRefactor … <ESC>[0mverify    r1  12m03s  $1.25           <ESC>[1;31mLOST (sweeper pending), OVER …<ESC>[0m unit    …
  acme/docs                counted $0.00, no cap · burn $0.00/min · spent $0.00
  r-dddd44 <ESC>[1mTypos      <ESC>[0mcoding    r1  -       -                                              unit    …
<ESC>[2mshowing active + recent · a: all · ↑↓ select · space fold/expand · x ack · PgUp/PgDn scroll · k/K k…<ESC>[0m
