fugaro watch · aurora · enforce · 2026-10-03
live
TOTAL  ▓▓▓▓▓▓▓▓▓▓▓▓▓░░░ counted $41.00 of $50.00 (82%) · burn $0.12/min ⚠ FAST · spent $40.00 + $3.00 NOTIONAL
       4 runs · 0.8 run-hours
  RUN      TITLE           STAGE     R   AGE     SPENT           FLAGS                          VERIFY    MODELS
  acme/app                 ▓▓▓▓▓▓▓▓▓▓▓▓░░░░ $30.00 of $40.00 (75%) · burn $0.09/min ⚠ FAST · spent $29.00 + $3.00 NOTIO…
▸ r-aaaa11 Fix the flaky … coding    r2  12m03s  $1.25           SILENT                         unit      opus / sonnet
    stage     coding r2
    verify    unit
    PR        https://github.com/acme/app/pull/42
    spent     $1.25
    deadline  2026-10-03 12:45Z
    models    opus / sonnet
  r-bbbb22 Add pagination… review    r1  12m03s  $1.25 NOTIONAL  ⚠ near deadline                unit      opus / sonnet
  acme/lib                 ▓▓▓▓▓▓▓▓▓▓▓▓▓▓▓▓ $11.00 of $10.00 (110%) · burn … · spent $11.00
  ⚠ KILLED by dimi@x.io at 2026-10-03 11:55Z "runaway loop"
  r-cccc33 Refactor the p… verify    r1  12m03s  $1.25           LOST (sweeper pending), OVER … unit      opus / sonnet
  acme/docs                counted $0.00, no cap · burn $0.00/min · spent $0.00
  r-dddd44 Typos           coding    r1  -       -                                              unit      opus / sonnet
↑↓ select · space fold · PgUp/PgDn scroll · k/K kill repo/project · r/R resume · ? help · q quit
