fugaro watch · aurora · enforce · 2026-10-03
live
TOTAL  ▓▓▓▓▓▓▓▓▓▓▓▓▓░░░ counted $41.00 of $50.00 (82%) · burn $0.12/min ⚠ FAST · spent $40.00 + $3.…
       201 runs · 0.8 run-hours
  RUN      TITLE      STAGE     R   AGE     SPENT           FLAGS                          VERIFY  …
▸ acme/app                 ▓▓▓▓▓▓▓▓▓▓▓▓░░░░ $30.00 of $40.00 (75%) · burn $0.09/min ⚠ FAST · spent …
  r-0000   job numbe… coding    r1  12m03s  $1.25                                          unit    …
  r-0001   job numbe… coding    r1  12m03s  $1.25                                          unit    …
  r-0002   job numbe… coding    r1  12m03s  $1.25                                          unit    …
  r-0003   job numbe… coding    r1  12m03s  $1.25                                          unit    …
  r-0004   job numbe… coding    r1  12m03s  $1.25                                          unit    …
  r-0005   job numbe… coding    r1  12m03s  $1.25                                          unit    …
  r-0006   job numbe… coding    r1  12m03s  $1.25                                          unit    …
  r-0007   job numbe… coding    r1  12m03s  $1.25                                          unit    …
  r-0008   job numbe… coding    r1  12m03s  $1.25                                          unit    …
  r-0009   job numbe… coding    r1  12m03s  $1.25                                          unit    …
  r-0010   job numbe… coding    r1  12m03s  $1.25                                          unit    …
  r-0011   job numbe… coding    r1  12m03s  $1.25                                          unit    …
  r-0012   job numbe… coding    r1  12m03s  $1.25                                          unit    …
  r-0013   job numbe… coding    r1  12m03s  $1.25                                          unit    …
  r-0014   job numbe… coding    r1  12m03s  $1.25                                          unit    …
  r-0015   job numbe… coding    r1  12m03s  $1.25                                          unit    …
↓ 187 more below
↑↓ select · space fold · PgUp/PgDn scroll · ? help · q quit
