fugaro watch · aurora · enforce · 2026-10-03
live
TOTAL  ▓▓▓▓▓▓▓▓▓▓▓▓▓░░░ counted $41.00 of $50.00 (82%) · burn $0.12/min ⚠ FAST · spent $40.00 + $3.…
       201 runs · 0.8 run-hours
  RUN      TITLE      STAGE     R   AGE     SPENT           FLAGS                          VERIFY  …
↑ 100 more above
  r-0099   job numbe… coding    r1  12m03s  $1.25                                          unit    …
  r-0100   job numbe… coding    r1  12m03s  $1.25                                          unit    …
  r-0101   job numbe… coding    r1  12m03s  $1.25                                          unit    …
  r-0102   job numbe… coding    r1  12m03s  $1.25                                          unit    …
  r-0103   job numbe… coding    r1  12m03s  $1.25                                          unit    …
  r-0104   job numbe… coding    r1  12m03s  $1.25                                          unit    …
  r-0105   job numbe… coding    r1  12m03s  $1.25                                          unit    …
  r-0106   job numbe… coding    r1  12m03s  $1.25                                          unit    …
  r-0107   job numbe… coding    r1  12m03s  $1.25                                          unit    …
  r-0108   job numbe… coding    r1  12m03s  $1.25                                          unit    …
  r-0109   job numbe… coding    r1  12m03s  $1.25                                          unit    …
  r-0110   job numbe… coding    r1  12m03s  $1.25                                          unit    …
  r-0111   job numbe… coding    r1  12m03s  $1.25                                          unit    …
  r-0112   job numbe… coding    r1  12m03s  $1.25                                          unit    …
  r-0113   job numbe… coding    r1  12m03s  $1.25                                          unit    …
  r-0114   job numbe… coding    r1  12m03s  $1.25                                          unit    …
↓ 88 more below
↑↓ select · space fold · PgUp/PgDn scroll · ? help · q quit
