fugaro watch · aurora · enforce · 2026-10-03
⚠ access refused: you need the Viewer role · q quits
TOTAL  counted $0.00, no cap · burn … · spent $0.00
       0 runs · 0.0 run-hours
  RUN      TITLE               STAGE    R   AGE     SPENT     FLAGS
no repository has spend, runs or a kill switch today
kill and resume keys are off until the data is live
↑↓ select · space fold/expand · k/K kill · r/R resume · ? help · q quit
