⚠ OFFLINE (reconnecting, connection lost) · last data 50s ago
⚠ PROJECT KILLED by ops@x.io at 2026-10-03 11:00Z "budget review"
kill and resume keys are off until the data is live
↑↓ select · space fold/expand · PgUp/PgDn scroll · k/K kill repo/project · r/R resume · ? help · q …
terminal too short (6 rows): enlarge it for the full view
